  ******************************************  
  *           Fortran 77 Code              *  
  *     Axially symmetric H.O. basis       *  
  * Dirac-Hartree-Bogoliubov calculation   *  
  *        with density-dependent          *  
  * meson-exchange or point coupling force *  
  *          and separable pairing         *  
  * -------------------------------------- *  
  *      Niksic, Paar, Vretenar, Ring      *  
  *           6/ 1/2020/15:43:53           *
  *       Zr  80  N =  40  Z =  40
  *                DD-PC1    
  ******************************************  
  1.It. si =   0.000000  E/A =   0.000 R =   0.000 b =   0.000  mix = 0.50
  2.It. si = 143.247142  E/A =  -7.940 R =   4.597 b =   0.788  mix = 0.50
  3.It. si =  48.385325  E/A =  -8.029 R =   4.564 b =   0.785  mix = 0.50
  4.It. si =  33.918890  E/A =  -8.092 R =   4.516 b =   0.771  mix = 0.50
  5.It. si =  28.435463  E/A =  -8.120 R =   4.470 b =   0.754  mix = 0.50
  6.It. si =   7.043139  E/A =  -8.127 R =   4.404 b =   0.714  mix = 0.50
  7.It. si =   4.580142  E/A =  -8.129 R =   4.410 b =   0.706  mix = 0.50
  8.It. si =   4.370560  E/A =  -8.134 R =   4.397 b =   0.685  mix = 0.50
  9.It. si =   4.520484  E/A =  -8.137 R =   4.387 b =   0.675  mix = 0.50
 10.It. si =   4.530188  E/A =  -8.140 R =   4.378 b =   0.665  mix = 0.50
 11.It. si =  21.046537  E/A =  -8.100 R =   4.200 b =   0.418  mix = 0.50
 12.It. si =   3.035221  E/A =  -8.152 R =   4.289 b =   0.549  mix = 0.50
 13.It. si =   2.523446  E/A =  -8.154 R =   4.294 b =   0.555  mix = 0.50
 14.It. si =   0.816243  E/A =  -8.154 R =   4.309 b =   0.575  mix = 0.50
 15.It. si =   0.772765  E/A =  -8.153 R =   4.304 b =   0.569  mix = 0.50
 16.It. si =   0.671019  E/A =  -8.153 R =   4.305 b =   0.570  mix = 0.50
 17.It. si =   0.264770  E/A =  -8.152 R =   4.302 b =   0.566  mix = 0.50
 18.It. si =   0.080205  E/A =  -8.152 R =   4.301 b =   0.565  mix = 0.50
 19.It. si =   0.090544  E/A =  -8.152 R =   4.301 b =   0.565  mix = 0.50
 20.It. si =   0.033746  E/A =  -8.152 R =   4.301 b =   0.565  mix = 0.50
 21.It. si =   0.012387  E/A =  -8.152 R =   4.301 b =   0.565  mix = 0.50
 22.It. si =   0.004160  E/A =  -8.152 R =   4.301 b =   0.565  mix = 0.50
 23.It. si =   0.002893  E/A =  -8.152 R =   4.302 b =   0.565  mix = 0.50
 24.It. si =   0.001562  E/A =  -8.152 R =   4.302 b =   0.565  mix = 0.50
 25.It. si =   0.000251  E/A =  -8.152 R =   4.302 b =   0.565  mix = 0.50
 26.It. si =   0.000077  E/A =  -8.152 R =   4.302 b =   0.565  mix = 0.50
 27.It. si =   0.000036  E/A =  -8.152 R =   4.302 b =   0.565  mix = 0.50
 28.It. si =   0.000013  E/A =  -8.152 R =   4.302 b =   0.565  mix = 0.50
 29.It. si =   0.000005  E/A =  -8.152 R =   4.302 b =   0.565  mix = 0.50
 30.It. si =   0.000003  E/A =  -8.152 R =   4.302 b =   0.565  mix = 0.50
 31.It. si =   0.000002  E/A =  -8.152 R =   4.302 b =   0.565  mix = 0.50
 Zr  80: Iteration converged after  31 steps   si =      0.0000008593
 ****** END ITER ************************************
                                                
                                                
                                                
  ********************************************  
  *       Relativistic Quasiparticle RPA     *  
  *            Simplex-y Basis               *  
  *                                          *  
  *   Finite Amplitude Method Calculation    *  
  *          with Density-Dependent          *  
  *  Meson-Exchange or Point-Coupling Force  *  
  *          and Separable Pairing           *  
  * ---------------------------------------- *  
  *                                          *  
  *            A.Bjelcic, T.Niksic           *  
  *                                          *  
  ********************************************  
                                                
Initializing QFAM submodule.

                 Free response

omega[MeV/hbar]                     S(f,omega)

        0.00000                   0.0000000000
        1.00000                   0.0079089086
        2.00000                   0.0170704896
        3.00000                   0.0296098392
        4.00000                   0.0523540531
        5.00000                   0.1180103802
        6.00000                   0.1533792709
        7.00000                   0.4654628114
        8.00000                   0.5950701917
        9.00000                   1.2155128254
       10.00000                   2.3142279417
       11.00000                   3.6377352841
       12.00000                   1.9564536068
       13.00000                   0.8733677799
       14.00000                   0.2942111651
       15.00000                   0.1909654020
       16.00000                   0.1745006489
       17.00000                   0.1356807907
       18.00000                   0.1176095695
       19.00000                   0.1188251216
       20.00000                   0.0968237124
       21.00000                   0.0829562152
       22.00000                   0.0626689104
       23.00000                   0.0511466283
       24.00000                   0.0352474206
       25.00000                   0.0242955344
       26.00000                   0.0179493838
       27.00000                   0.0193167364
       28.00000                   0.0225534885
       29.00000                   0.0143869423
       30.00000                   0.0124843151
       31.00000                   0.0115786249
       32.00000                   0.0111115768
       33.00000                   0.0151535840
       34.00000                   0.0154819682
       35.00000                   0.0193037904
       36.00000                   0.0131124499
       37.00000                   0.0099474755
       38.00000                   0.0109291265
       39.00000                   0.0082576891
       40.00000                   0.0083037413
       41.00000                   0.0074852221
       42.00000                   0.0066501755
       43.00000                   0.0066692725
       44.00000                   0.0060733881
       45.00000                   0.0095126516
       46.00000                   0.0060701840
       47.00000                   0.0064329681
       48.00000                   0.0084611664
       49.00000                   0.0035453681
       50.00000                   0.0027239076

