S(f,omega) = -1/pi * Im[Tr[hermconj(f)*drho(omega)]]  [fm^4/MeV]
Fully self-consistent response
 84Zr, 10 shells, DD-PC1    
Electromagnetism included in calculation
Pairing included in calculation
Isovector excitation
J = 2
K = 1
gamma_smear =   1.000 [MeV]
NGH = 48, NGL = 48
 
omega[MeV/hbar]                     S(f,omega)
 
        5.00000                   3.7140199973
       10.00000                   3.1965999286
       15.00000                   2.8491611894
       20.00000                  15.1188879060
       25.00000                  46.6652523382
       30.00000                  97.0351147336
       35.00000                  23.6879073601
       40.00000                  12.1233985661
