S(f,omega) = -1/pi * Im[Tr[hermconj(f)*drho(omega)]]  [fm^4/MeV]
Fully self-consistent response
 84Zr, 10 shells, DD-PC1    
Electromagnetism included in calculation
Pairing included in calculation
Isovector excitation
J = 2
K = 2
gamma_smear =   1.000 [MeV]
NGH = 48, NGL = 48
 
omega[MeV/hbar]                     S(f,omega)
 
        5.00000                   3.7140198915
       10.00000                   3.1965998996
       15.00000                   2.8491612816
       20.00000                  15.1188884369
       25.00000                  46.6652517614
       30.00000                  97.0351114237
       35.00000                  23.6879079635
       40.00000                  12.1233983393
