dB/dw(f,omega) = -1/pi * Im[S(f,omega)].

Nucleus: Si 28.
Parametrization of the Lagrangian: DD-PC1.
Ground state deformation beta = -0.376.
Isoscalar J = 3, K = 0 excitation.
Gamma smearing = 0.250 [MeV].
Fully self-consistent response.

n0f = 14(15) oscillator shells for large(small) spinor component.
Gaussian quadrature mesh: NGH = 25, NGL = 50.
Oscillator basis deformation beta0 = -0.376.
Coulomb included in calculation.  
Pairing included in calculation.  


 omega [MeV]           dB/dw(f,omega) [fm^6/MeV]      S(f,omega) [fm^6/MeV]                     rel. residual error

 0.000000000E+00      -0.157782579E-09               -0.173895468E+03 +  0.495688592E-09 i      0.921E-06                         
 0.250000000E+01      -0.110289147E+00               -0.324541302E+03 +  0.346483575E+00 i      0.991E-06                         
 0.500000000E+01       0.100484603E+01               -0.341355908E+03 + -0.315681689E+01 i      0.958E-06                         
 0.750000000E+01       0.226805923E+01               -0.390218258E+03 + -0.712531820E+01 i      0.851E-06                         
 0.100000000E+02       0.610339525E+01               -0.506990268E+03 + -0.191743817E+02 i      0.692E-06                         
 0.125000000E+02       0.133701634E+03               -0.934191227E+03 + -0.420036070E+03 i      0.802E-06                         
 0.150000000E+02       0.913088413E+03               -0.235763378E+04 + -0.286855185E+04 i      0.867E-06                         
 0.175000000E+02       0.487688478E+02                0.393955804E+03 + -0.153211854E+03 i      0.512E-06                         
 0.200000000E+02       0.221761428E+02                0.870761995E+02 + -0.696684073E+02 i      0.591E-06                         
 0.225000000E+02       0.381922001E+02                0.550790143E+02 + -0.119984335E+03 i      0.975E-06                         
 0.250000000E+02       0.213437823E+02               -0.270128070E+02 + -0.670534697E+02 i      0.913E-06                         
 0.275000000E+02       0.601149945E+02               -0.153462472E+03 + -0.188856825E+03 i      0.312E-06                         
 0.300000000E+02       0.191980697E+02               -0.573117823E+02 + -0.603125147E+02 i      0.252E-06                         
 0.325000000E+02       0.936062747E+02               -0.311552478E+03 + -0.294072785E+03 i      0.349E-06                         
 0.350000000E+02       0.921792374E+02               -0.181569784E+03 + -0.289589615E+03 i      0.364E-06                         
 0.375000000E+02       0.332309278E+02                0.143917726E+02 + -0.104398039E+03 i      0.525E-06                         
 0.400000000E+02       0.517770802E+02               -0.157374477E+02 + -0.162662495E+03 i      0.432E-06                         
 0.425000000E+02       0.691515268E+02                0.250444225E+03 + -0.217245929E+03 i      0.545E-06                         
 0.450000000E+02       0.443019763E+02                0.130836971E+03 + -0.139178763E+03 i      0.409E-06                         
 0.475000000E+02       0.428605471E+02                0.135881194E+03 + -0.134650380E+03 i      0.759E-06                         
 0.500000000E+02       0.148914302E+02                0.165598180E+03 + -0.467828078E+02 i      0.461E-06                         
