S(f,omega) = -1/pi * Im[Tr[hermconj(f)*drho(omega)]]  [fm^4/MeV]
Fully self-consistent response with tolerance = 0.1E-08
 16_O,  8 shells, beta0 =   0.000, DD-PC1    
Electromagnetism included in calculation
Pairing included in calculation
Isovector excitation
J = 0
K = 0
gamma_smear =   0.500 [MeV]
NGH = 50, NGL = 50

omega[MeV/hbar]                     S(f,omega)

       20.00000                   0.3053204489
