dB/dw(f,omega) = -1/pi * Im[S(f,omega)].

Nucleus: _O 16.
Parametrization of the Lagrangian: DD-ME2.
Ground state deformation beta = -0.000.
Isovector J = 5, K = 3 excitation.
Gamma smearing = 0.250 [MeV].
Fully self-consistent response.

n0f = 12(13) oscillator shells for large(small) spinor component.
n0b = 50 oscillator shells for meson fields.
Gaussian quadrature mesh: NGH = 60, NGL = 60.
Oscillator basis deformation beta0 = +0.000.
Coulomb included in calculation.  
Pairing included in calculation.  


 omega [MeV]           dB/dw(f,omega) [fm^10/MeV]     S(f,omega) [fm^10/MeV]                    rel. residual error

 0.000000000E+00      -0.212985291E-13               -0.284648059E+05 +  0.669113025E-13 i      0.453E-09                         
 0.250000000E+01       0.760734300E+01               -0.285836830E+05 + -0.238991729E+02 i      0.457E-10                         
 0.500000000E+01       0.156836173E+02               -0.289475721E+05 + -0.492715370E+02 i      0.793E-10                         
 0.750000000E+01       0.247822926E+02               -0.295795356E+05 + -0.778558683E+02 i      0.306E-09                         
 0.100000000E+02       0.356583755E+02               -0.305227894E+05 + -0.112024090E+03 i      0.504E-10                         
 0.125000000E+02       0.494730201E+02               -0.318498925E+05 + -0.155424076E+03 i      0.737E-09                         
 0.150000000E+02       0.682128419E+02               -0.336812110E+05 + -0.214296963E+03 i      0.128E-09                         
 0.175000000E+02       0.956754732E+02               -0.362238951E+05 + -0.300573364E+03 i      0.124E-09                         
 0.200000000E+02       0.140181970E+03               -0.398634394E+05 + -0.440394648E+03 i      0.997E-09                         
 0.225000000E+02       0.223858704E+03               -0.454183925E+05 + -0.703272859E+03 i      0.997E-09                         
 0.250000000E+02       0.427637345E+03               -0.550727669E+05 + -0.134346234E+04 i      0.307E-09                         
 0.275000000E+02       0.133850609E+04               -0.782145842E+05 + -0.420504089E+04 i      0.135E-09                         
 0.300000000E+02       0.657799183E+05                0.227230968E+05 + -0.206653708E+06 i      0.530E-09                         
 0.325000000E+02       0.774517497E+04                0.428655692E+05 + -0.243321848E+05 i      0.520E-09                         
 0.350000000E+02       0.275530103E+04               -0.499186434E+05 + -0.865603347E+04 i      0.893E-09                         
 0.375000000E+02       0.135986277E+05               -0.176632143E+05 + -0.427213488E+05 i      0.835E-09                         
 0.400000000E+02       0.441624867E+04                0.274721058E+05 + -0.138740544E+05 i      0.904E-10                         
 0.425000000E+02       0.452118207E+04               -0.626153943E+05 + -0.142037124E+05 i      0.739E-09                         
 0.450000000E+02       0.115763773E+05               -0.113190377E+05 + -0.363682618E+05 i      0.915E-09                         
 0.475000000E+02       0.345904539E+04                0.311406878E+05 + -0.108669116E+05 i      0.929E-09                         
 0.500000000E+02       0.717347084E+05               -0.655210761E+05 + -0.225361233E+06 i      0.382E-09                         
