  ******************************************  
  *           Fortran 77 Code              *  
  *     Axially symmetric H.O. basis       *  
  * Dirac-Hartree-Bogoliubov calculation   *  
  *        with density-dependent          *  
  * meson-exchange or point coupling force *  
  *          and separable pairing         *  
  * -------------------------------------- *  
  *      Niksic, Paar, Vretenar, Ring      *  
  *           6/ 1/2020/15:33:01           *
  *       _O  16  N =   8  Z =   8
  *                DD-PC1    
  ******************************************  
  1.It. si =   0.000000  E/A =   0.000 R =   0.000 b =   0.000  mix = 0.50
  11. L-Iteration: - -15.78906996   0.00009927 -15.79195625
  12. L-Iteration:   -15.79195625  -0.00000142 -15.79191546
  13. L-Iteration:   -15.79191546   0.00000000 -15.79191550
  11. L-Iteration:   -14.73510404  -0.00000000 -14.73510393
  2.It. si = 107.572473  E/A =  -7.320 R =   2.612 b =  -0.000  mix = 0.50
  3.It. si =  61.701646  E/A =  -7.382 R =   2.606 b =  -0.000  mix = 0.50
  4.It. si =  21.589783  E/A =  -7.371 R =   2.603 b =  -0.000  mix = 0.50
  5.It. si =   1.614455  E/A =  -7.368 R =   2.606 b =  -0.000  mix = 0.50
  6.It. si =   1.452997  E/A =  -7.368 R =   2.608 b =  -0.000  mix = 0.50
  7.It. si =   1.139024  E/A =  -7.368 R =   2.609 b =  -0.000  mix = 0.50
  8.It. si =   0.103504  E/A =  -7.368 R =   2.610 b =  -0.000  mix = 0.50
  9.It. si =   0.070656  E/A =  -7.368 R =   2.610 b =  -0.000  mix = 0.50
 10.It. si =   0.147541  E/A =  -7.368 R =   2.610 b =   0.000  mix = 0.50
 11.It. si =   0.141341  E/A =  -7.368 R =   2.610 b =   0.000  mix = 0.50
 12.It. si =   0.810351  E/A =  -7.368 R =   2.610 b =   0.000  mix = 0.50
 13.It. si =   0.031798  E/A =  -7.368 R =   2.610 b =   0.000  mix = 0.50
 14.It. si =   0.001784  E/A =  -7.368 R =   2.610 b =   0.000  mix = 0.50
 15.It. si =   0.000688  E/A =  -7.368 R =   2.610 b =   0.000  mix = 0.50
 16.It. si =   0.000428  E/A =  -7.368 R =   2.610 b =  -0.000  mix = 0.50
 17.It. si =   0.000278  E/A =  -7.368 R =   2.610 b =  -0.000  mix = 0.50
 18.It. si =   0.000207  E/A =  -7.368 R =   2.610 b =  -0.000  mix = 0.50
 19.It. si =   0.000049  E/A =  -7.368 R =   2.610 b =  -0.000  mix = 0.50
 20.It. si =   0.000038  E/A =  -7.368 R =   2.610 b =  -0.000  mix = 0.50
 21.It. si =   0.000005  E/A =  -7.368 R =   2.610 b =  -0.000  mix = 0.50
 22.It. si =   0.000002  E/A =  -7.368 R =   2.610 b =  -0.000  mix = 0.50
 _O  16: Iteration converged after  22 steps   si =      0.0000004793
 ****** END ITER ************************************
                                                
                                                
                                                
  ********************************************  
  *       Relativistic Quasiparticle RPA     *  
  *            Simplex-y Basis               *  
  *                                          *  
  *   Finite Amplitude Method Calculation    *  
  *          with Density-Dependent          *  
  *  Meson-Exchange or Point-Coupling Force  *  
  *          and Separable Pairing           *  
  * ---------------------------------------- *  
  *                                          *  
  *            A.Bjelcic, T.Niksic           *  
  *                                          *  
  ********************************************  
                                                
Initializing QFAM submodule.
 
START ITERATIONS ---------------------> omega = 20.000[MeV/hbar]
  1.Iteration, error = **************  S(f,w) = .684874269E+00 |
  2.Iteration, error = **************  S(f,w) = .601315413E+00 |
  3.Iteration, error =    8.354307653  S(f,w) = .405055057E+00 |
  4.Iteration, error =    1.246783759  S(f,w) = .269625805E+00 |
  5.Iteration, error =    0.180648767  S(f,w) = .322331864E+00 |
  6.Iteration, error =    0.032633503  S(f,w) = .304403001E+00 |
  7.Iteration, error =    0.015195696  S(f,w) = .301668078E+00 |
  8.Iteration, error =    0.010102891  S(f,w) = .310509592E+00 |
  9.Iteration, error =    0.003089340  S(f,w) = .304926674E+00 |
 10.Iteration, error =    0.000933819  S(f,w) = .305214894E+00 |
 11.Iteration, error =    0.000342940  S(f,w) = .305443758E+00 |
 12.Iteration, error =    0.000166126  S(f,w) = .305318282E+00 |
 13.Iteration, error =    0.000097744  S(f,w) = .305306478E+00 |
 14.Iteration, error =    0.000058412  S(f,w) = .305308378E+00 |
 15.Iteration, error =    0.000064012  S(f,w) = .305301515E+00 |
 16.Iteration, error =    0.000031693  S(f,w) = .305324773E+00 |
 17.Iteration, error =    0.000009683  S(f,w) = .305321526E+00 |
 18.Iteration, error =    0.000009200  S(f,w) = .305321686E+00 |
 19.Iteration, error =    0.000008746  S(f,w) = .305320322E+00 |
 20.Iteration, error =    0.000007148  S(f,w) = .305320257E+00 |
 21.Iteration, error =    0.000006961  S(f,w) = .305320069E+00 |
 22.Iteration, error =    0.000002631  S(f,w) = .305320357E+00 |
 23.Iteration, error =    0.000001214  S(f,w) = .305320553E+00 |
 24.Iteration, error =    0.000000288  S(f,w) = .305320455E+00 |
 25.Iteration, error =    0.000000093  S(f,w) = .305320451E+00 |
 26.Iteration, error =    0.000000062  S(f,w) = .305320453E+00 |
 27.Iteration, error =    0.000000032  S(f,w) = .305320450E+00 |
 28.Iteration, error =    0.000000010  S(f,w) = .305320449E+00 |
 29.Iteration, error =    0.000000002  S(f,w) = .305320449E+00 |
ITERATIONS CONVERGED AFTER  29 STEPS, FINAL error =  0.75911E-09

