dB/dw(f,omega) = -1/pi * Im[S(f,omega)].

Nucleus: _O 16.
Parametrization of the Lagrangian: DD-ME2.
Ground state deformation beta = +0.000.
Isoscalar J = 3, K = 0 excitation.
Gamma smearing = N/A.
Fully self-consistent response.

n0f = 6(7) oscillator shells for large(small) spinor component.
n0b = 50 oscillator shells for meson fields.
Gaussian quadrature mesh: NGH = 50, NGL = 50.
Oscillator basis deformation beta0 = +0.000.
Coulomb included in calculation.  
Pairing included in calculation.  


 omega           +  gamma*i [MeV]           dB/dw(f,omega) [fm^6/MeV]      S(f,omega) [fm^6/MeV]                     rel. residual error

 0.170000000E+02 +  0.000000000E+00 i      -0.000000000E+00                0.153582242E+03 +  0.000000000E+00 i      0.773E-09                         
 0.169510565E+02 +  0.309016994E+00 i       0.216344712E+02                0.144779980E+03 + -0.679666956E+02 i      0.415E-10                         
 0.168090170E+02 +  0.587785252E+00 i       0.408349052E+02                0.118685016E+03 + -0.128286638E+03 i      0.559E-10                         
 0.165877853E+02 +  0.809016994E+00 i       0.557400391E+02                0.772050951E+02 + -0.175112497E+03 i      0.952E-09                         
 0.163090170E+02 +  0.951056516E+00 i       0.650498533E+02                0.243256277E+02 + -0.204360141E+03 i      0.189E-09                         
 0.160000000E+02 +  0.100000000E+01 i       0.680022411E+02               -0.345133758E+02 + -0.213635341E+03 i      0.856E-10                         
 0.156909830E+02 +  0.951056516E+00 i       0.644013919E+02               -0.932427183E+02 + -0.202322940E+03 i      0.647E-10                         
 0.154122147E+02 +  0.809016994E+00 i       0.546306458E+02               -0.145941745E+03 + -0.171627236E+03 i      0.195E-09                         
 0.151909830E+02 +  0.587785252E+00 i       0.396276207E+02               -0.187482892E+03 + -0.124493842E+03 i      0.463E-09                         
 0.150489435E+02 +  0.309016994E+00 i       0.208175310E+02               -0.213990820E+03 + -0.654002026E+02 i      0.603E-09                         
 0.150000000E+02 +  0.122464680E-15 i       0.824829695E-14               -0.223091419E+03 + -0.259127891E-13 i      0.555E-09                         
 0.150489435E+02 + -0.309016994E+00 i      -0.208175310E+02               -0.213990820E+03 +  0.654002026E+02 i      0.603E-09                         
 0.151909830E+02 + -0.587785252E+00 i      -0.396276207E+02               -0.187482892E+03 +  0.124493842E+03 i      0.463E-09                         
 0.154122147E+02 + -0.809016994E+00 i      -0.546306458E+02               -0.145941745E+03 +  0.171627236E+03 i      0.195E-09                         
 0.156909830E+02 + -0.951056516E+00 i      -0.644013919E+02               -0.932427183E+02 +  0.202322940E+03 i      0.646E-10                         
 0.160000000E+02 + -0.100000000E+01 i      -0.680022411E+02               -0.345133758E+02 +  0.213635341E+03 i      0.856E-10                         
 0.163090170E+02 + -0.951056516E+00 i      -0.650498533E+02                0.243256277E+02 +  0.204360141E+03 i      0.189E-09                         
 0.165877853E+02 + -0.809016994E+00 i      -0.557400391E+02                0.772050951E+02 +  0.175112497E+03 i      0.952E-09                         
 0.168090170E+02 + -0.587785252E+00 i      -0.408349052E+02                0.118685016E+03 +  0.128286638E+03 i      0.559E-10                         
 0.169510565E+02 + -0.309016994E+00 i      -0.216344712E+02                0.144779980E+03 +  0.679666956E+02 i      0.415E-10                         
 0.170000000E+02 + -0.244929360E-15 i      -0.172080370E-13                0.153582242E+03 +  0.540606428E-13 i      0.773E-09                         

Contour integration of strength function along a circle with center omega0 =     16.0000000, and radius R =      1.0000000.
Simpson's integration rule with 20 points is used.
1/(2*pi*i) * integral_{C(omega0,R)} S(f,omega) domega =  0.201546787E+03 +  0.176259503E-09i.
