
  ******************************************  
  *           Fortran 77 Code              *  
  *     Axially symmetric H.O. basis       *  
  * Dirac-Hartree-Bogoliubov calculation   *  
  *        with density-dependent          *  
  * meson-exchange or point coupling force *  
  *          and separable pairing         *  
  * -------------------------------------- *  
  *      Niksic, Paar, Vretenar, Ring      *  
  *          30/ 8/2022/14:39:26           *
  *       Ne  20  N =  10  Z =  10
  *                DD-ME2    
  ******************************************  
 ****** BEGIN READER ********************************
 Number of oscillator shells :     6   50
 Deformation bas: beta0      :     0.5470
 Deformation ini: betai      :     0.5470
 Initialization   inin,inink :     1    1
 Nucleus                     :    10   10   Ne  20
 Initial Gap Parameters      :     1.0000    1.0000
 Parameter set               : DD-ME2    
 Calculation without quadrupole constraint
 ****** END READER **********************************
  ****** BEGIN FORCES *******************************

 NEDF Parameters: DD-ME2    
 AMU   =  939.000
 msig  =  550.124  gsig =    10.5396  Gsig =   -14.2924
 mome  =  783.000  gome =    13.0189  Gome =    10.7647
 mdel  =    0.000  gdel =     0.0000  Gdel =     0.0000
 mrho  =  763.000  grho =     3.6836  Grho =     0.9076
  
 Density dependence parameters:
           scasca    scavec    vecsca    vecvec
 a    =   1.388148  1.389291  0.000000  0.564700
 b    =   1.094300  0.923975  0.000000  0.000000
 c    =   1.705700  1.462000  0.000000  0.000000
 d    =   0.442067  0.477492  0.000000  0.000000
 dsat =   0.152000
  
 TMR pairing: Tian,Ma,Ring, PRB 676, 44 (2009)
 TMR pairing strength    gl =:  -728.00000 [MeV*fm^3]
 TMR pairing width        a =:     0.64420 [fm]
  ****** END FORCES *********************************
 ****** BEGIN PREP **********************************
  
 hom   = 15.104529
 hb0   = 20.734000
 b0    =  1.656925
 beta0 =  0.547000
 bz    =  1.188295
 bp    =  0.917356
 With Coulomb force
 With microscopic c.m. correction
 ****** BEGIN ITER **********************************
  1.It. si =   0.000000  E/A =   0.000 R =   0.000 b =   0.000  mix = 0.50
  2.It. si =  73.369157  E/A =  -6.977 R =   2.958 b =   0.715  mix = 0.50
  3.It. si =  51.701011  E/A =  -7.138 R =   2.932 b =   0.673  mix = 0.50
  4.It. si =  30.850966  E/A =  -7.234 R =   2.900 b =   0.626  mix = 0.50
  5.It. si =  12.338044  E/A =  -7.273 R =   2.865 b =   0.580  mix = 0.50
  6.It. si =   2.691924  E/A =  -7.278 R =   2.842 b =   0.547  mix = 0.50
  7.It. si =   0.670352  E/A =  -7.278 R =   2.845 b =   0.547  mix = 0.50
  8.It. si =   0.191832  E/A =  -7.278 R =   2.843 b =   0.544  mix = 0.50
  9.It. si =   0.182444  E/A =  -7.278 R =   2.843 b =   0.544  mix = 0.50
 10.It. si =   0.222420  E/A =  -7.278 R =   2.842 b =   0.546  mix = 0.50
 11.It. si =   0.112338  E/A =  -7.278 R =   2.843 b =   0.546  mix = 0.50
 12.It. si =   0.110079  E/A =  -7.278 R =   2.843 b =   0.547  mix = 0.50
 13.It. si =   0.127836  E/A =  -7.278 R =   2.844 b =   0.548  mix = 0.50
 14.It. si =   0.045004  E/A =  -7.278 R =   2.843 b =   0.547  mix = 0.50
 15.It. si =   0.038462  E/A =  -7.278 R =   2.843 b =   0.547  mix = 0.50
 16.It. si =   0.028558  E/A =  -7.278 R =   2.843 b =   0.547  mix = 0.50
 17.It. si =   0.020884  E/A =  -7.278 R =   2.843 b =   0.547  mix = 0.50
 18.It. si =   0.004243  E/A =  -7.278 R =   2.843 b =   0.547  mix = 0.50
 19.It. si =   0.008193  E/A =  -7.278 R =   2.843 b =   0.547  mix = 0.50
 20.It. si =   0.000865  E/A =  -7.278 R =   2.843 b =   0.547  mix = 0.50
 21.It. si =   0.000362  E/A =  -7.278 R =   2.843 b =   0.547  mix = 0.50
 22.It. si =   0.000274  E/A =  -7.278 R =   2.843 b =   0.547  mix = 0.50
 23.It. si =   0.000201  E/A =  -7.278 R =   2.843 b =   0.547  mix = 0.50
 24.It. si =   0.000173  E/A =  -7.278 R =   2.843 b =   0.547  mix = 0.50
 25.It. si =   0.000120  E/A =  -7.278 R =   2.843 b =   0.547  mix = 0.50
 26.It. si =   0.000084  E/A =  -7.278 R =   2.843 b =   0.547  mix = 0.50
 27.It. si =   0.000043  E/A =  -7.278 R =   2.843 b =   0.547  mix = 0.50
 28.It. si =   0.000004  E/A =  -7.278 R =   2.843 b =   0.547  mix = 0.50
 29.It. si =   0.000002  E/A =  -7.278 R =   2.843 b =   0.547  mix = 0.50
 ********************************************************************
  Ne  20: Iteration converged after  29 steps   si =      0.0000004915
 ********************************************************************
 ****** END ITER ************************************
 ****** BEGIN CANON *********************************
 single-particle energies and gaps  in the canonical basis: Neutron:
 ------------------------------------------------------------------
       K pi[nz,nr,ml]  smax     eecan     vvcan     decan
   1   1/2+ [ 0 0 0]   0.98  -46.3111    1.0000   -0.0000
   2   1/2+ [ 2 0 0]   0.88  -14.6016    1.0000   -0.0000
   3   1/2+ [ 1 0 1]   0.54   -4.0277    0.0000   -0.0000
   4   1/2+ [ 0 1 0]   0.55   -1.6420    0.0000   -0.0000
   5   1/2+ [ 4 0 0]   0.81    9.1342    0.0000   -0.0000
   6   1/2+ [ 3 0 1]   0.58   15.1767    0.0000   -0.0000
   7   1/2+ [ 2 1 0]   0.52   17.9847    0.0000   -0.0000
   8   1/2+ [ 1 1 1]   0.48   21.8278    0.0000   -0.0000
   9   1/2+ [ 0 2 0]   0.44   24.1972    0.0000   -0.0000
  10   1/2+ [ 6 0 0]   0.73   30.0367    0.0000   -0.0000
  11   1/2+ [ 5 0 1]   0.53   38.5783    0.0000   -0.0000
  12   1/2+ [ 4 1 0]   0.65   41.5474    0.0000   -0.0000
  13   1/2+ [ 3 1 1]   0.59   48.0931    0.0000   -0.0000
  14   1/2+ [ 2 2 0]   0.60   53.6494    0.0000   -0.0000
  15   1/2+ [ 1 2 1]   0.64   62.6527    0.0000   -0.0000
  16   1/2+ [ 0 3 0]   0.62   70.6370    0.0000   -0.0000
  17   1/2- [ 1 0 0]   0.93  -29.6771    1.0000   -0.0000
  18   1/2- [ 0 0 1]   0.89  -17.8960    1.0000   -0.0000
  19   1/2- [ 3 0 0]   0.83   -1.0893    0.0000   -0.0000
  20   1/2- [ 2 0 1]   0.49    6.6121    0.0000   -0.0000
  21   1/2- [ 1 1 0]   0.47    9.1934    0.0000   -0.0000
  22   1/2- [ 0 1 1]   0.67   13.2720    0.0000   -0.0000
  23   1/2- [ 5 0 0]   0.81   20.9152    0.0000   -0.0000
  24   1/2- [ 4 0 1]   0.56   29.3316    0.0000   -0.0000
  25   1/2- [ 3 1 0]   0.61   32.6518    0.0000   -0.0000
  26   1/2- [ 2 1 1]   0.66   40.0250    0.0000   -0.0000
  27   1/2- [ 1 2 0]   0.70   44.5611    0.0000   -0.0000
  28   1/2- [ 0 2 1]   0.73   54.2244    0.0000   -0.0000
  29   3/2+ [ 1 0 1]   0.90   -8.9932    0.0000   -0.0000
  30   3/2+ [ 0 0 2]   0.78    1.3470    0.0000   -0.0000
  31   3/2+ [ 3 0 1]   0.81   13.0553    0.0000   -0.0000
  32   3/2+ [ 1 1 1]   0.59   19.2549    0.0000   -0.0000
  33   3/2+ [ 2 0 2]   0.56   20.8353    0.0000   -0.0000
  34   3/2+ [ 0 1 2]   0.55   26.0459    0.0000   -0.0000
  35   3/2+ [ 5 0 1]   0.82   33.8756    0.0000   -0.0000
  36   3/2+ [ 4 0 2]   0.62   43.0520    0.0000   -0.0000
  37   3/2+ [ 3 1 1]   0.70   44.7773    0.0000   -0.0000
  38   3/2+ [ 2 1 2]   0.51   55.5453    0.0000   -0.0000
  39   3/2+ [ 1 2 1]   0.57   58.0572    0.0000   -0.0000
  40   3/2+ [ 0 2 2]   0.64   71.8120    0.0000   -0.0000
  41   3/2- [ 0 0 1]   0.97  -23.7017    1.0000   -0.0000
  42   3/2- [ 2 0 1]   0.89    3.1340    0.0000   -0.0000
  43   3/2- [ 0 1 1]   0.72   10.3116    0.0000   -0.0000
  44   3/2- [ 1 0 2]   0.70   12.9605    0.0000   -0.0000
  45   3/2- [ 4 0 1]   0.87   25.0275    0.0000   -0.0000
  46   3/2- [ 3 0 2]   0.47   34.2350    0.0000   -0.0000
  47   3/2- [ 2 1 1]   0.51   36.4426    0.0000   -0.0000
  48   3/2- [ 1 1 2]   0.66   47.0170    0.0000   -0.0000
  49   3/2- [ 0 2 1]   0.67   51.0868    0.0000   -0.0000
  50   5/2+ [ 0 0 2]   0.93   -5.2439    0.0000   -0.0000
  51   5/2+ [ 2 0 2]   0.84   17.0446    0.0000   -0.0000
  52   5/2+ [ 0 1 2]   0.67   21.6222    0.0000   -0.0000
  53   5/2+ [ 1 0 3]   0.71   24.3510    0.0000   -0.0000
  54   5/2+ [ 4 0 2]   0.88   38.0027    0.0000   -0.0000
  55   5/2+ [ 3 0 3]   0.74   47.0131    0.0000   -0.0000
  56   5/2+ [ 2 1 2]   0.75   48.4727    0.0000   -0.0000
  57   5/2+ [ 1 1 3]   0.58   61.2730    0.0000   -0.0000
  58   5/2+ [ 0 2 2]   0.59   64.6556    0.0000   -0.0000
  59   5/2- [ 1 0 2]   0.89    7.5122    0.0000   -0.0000
  60   5/2- [ 0 0 3]   0.77   15.9439    0.0000   -0.0000
  61   5/2- [ 3 0 2]   0.90   29.4084    0.0000   -0.0000
  62   5/2- [ 1 1 2]   0.59   39.0593    0.0000   -0.0000
  63   5/2- [ 2 0 3]   0.62   40.0874    0.0000   -0.0000
  64   5/2- [ 0 1 3]   0.75   54.4618    0.0000   -0.0000
  65   7/2+ [ 1 0 3]   0.84   20.8607    0.0000   -0.0000
  66   7/2+ [ 0 0 4]   0.74   26.9830    0.0000   -0.0000
  67   7/2+ [ 3 0 3]   0.91   42.1454    0.0000   -0.0000
  68   7/2+ [ 2 0 4]   0.88   51.0244    0.0000   -0.0000
  69   7/2+ [ 1 1 3]   0.81   52.3686    0.0000   -0.0000
  70   7/2+ [ 0 1 4]   0.70   68.3508    0.0000   -0.0000
  71   7/2- [ 0 0 3]   0.91   10.3277    0.0000   -0.0000
  72   7/2- [ 2 0 3]   0.94   33.7311    0.0000   -0.0000
  73   7/2- [ 1 0 4]   0.50   43.0402    0.0000   -0.0000
  74   7/2- [ 0 1 3]   0.48   44.5973    0.0000   -0.0000
  75   9/2+ [ 0 0 4]   0.85   23.2048    0.0000   -0.0000
  76   9/2+ [ 2 0 4]   0.94   46.2169    0.0000   -0.0000
  77   9/2+ [ 1 0 5]   0.88   54.5410    0.0000   -0.0000
  78   9/2+ [ 0 1 4]   0.78   56.8889    0.0000   -0.0000
  79   9/2- [ 1 0 4]   0.94   37.8224    0.0000   -0.0000
  80   9/2- [ 0 0 5]   0.93   47.7766    0.0000   -0.0000
  81  11/2+ [ 1 0 5]   0.95   50.0806    0.0000   -0.0000
  82  11/2+ [ 0 0 6]   0.94   58.4511    0.0000   -0.0000
  83  11/2- [ 0 0 5]   0.97   40.8912    0.0000   -0.0000
  84  13/2+ [ 0 0 6]   0.97   53.0535    0.0000   -0.0000
 single-particle energies and gaps  in the canonical basis: Proton: 
 ------------------------------------------------------------------
       K pi[nz,nr,ml]  smax     eecan     vvcan     decan
   1   1/2+ [ 0 0 0]   0.98  -41.2056    1.0000   -0.0000
   2   1/2+ [ 2 0 0]   0.88  -10.1911    1.0000   -0.0000
   3   1/2+ [ 1 0 1]   0.52    0.1059    0.0000   -0.0000
   4   1/2+ [ 0 1 0]   0.52    2.4100    0.0000   -0.0000
   5   1/2+ [ 4 0 0]   0.79   12.6066    0.0000   -0.0000
   6   1/2+ [ 3 0 1]   0.59   18.6791    0.0000   -0.0000
   7   1/2+ [ 2 1 0]   0.53   21.4536    0.0000   -0.0000
   8   1/2+ [ 1 1 1]   0.49   25.3749    0.0000   -0.0000
   9   1/2+ [ 0 2 0]   0.44   27.8611    0.0000   -0.0000
  10   1/2+ [ 6 0 0]   0.70   33.7647    0.0000   -0.0000
  11   1/2+ [ 5 0 1]   0.50   42.3394    0.0000   -0.0000
  12   1/2+ [ 4 1 0]   0.65   45.2012    0.0000   -0.0000
  13   1/2+ [ 3 1 1]   0.57   51.9915    0.0000   -0.0000
  14   1/2+ [ 2 2 0]   0.59   57.6744    0.0000   -0.0000
  15   1/2+ [ 1 2 1]   0.63   66.9299    0.0000   -0.0000
  16   1/2+ [ 0 3 0]   0.61   75.2136    0.0000   -0.0000
  17   1/2- [ 1 0 0]   0.93  -24.9351    1.0000   -0.0000
  18   1/2- [ 0 0 1]   0.89  -13.2488    1.0000   -0.0000
  19   1/2- [ 3 0 0]   0.83    2.9182    0.0000   -0.0000
  20   1/2- [ 2 0 1]   0.49   10.4019    0.0000   -0.0000
  21   1/2- [ 1 1 0]   0.47   12.9737    0.0000   -0.0000
  22   1/2- [ 0 1 1]   0.66   17.0925    0.0000   -0.0000
  23   1/2- [ 5 0 0]   0.79   24.6833    0.0000   -0.0000
  24   1/2- [ 4 0 1]   0.54   33.1982    0.0000   -0.0000
  25   1/2- [ 3 1 0]   0.61   36.4792    0.0000   -0.0000
  26   1/2- [ 2 1 1]   0.66   44.0550    0.0000   -0.0000
  27   1/2- [ 1 2 0]   0.70   48.7322    0.0000   -0.0000
  28   1/2- [ 0 2 1]   0.72   58.7177    0.0000   -0.0000
  29   3/2+ [ 1 0 1]   0.90   -4.6780    0.0000   -0.0000
  30   3/2+ [ 0 0 2]   0.76    5.3784    0.0000   -0.0000
  31   3/2+ [ 3 0 1]   0.80   16.5637    0.0000   -0.0000
  32   3/2+ [ 1 1 1]   0.57   22.7575    0.0000   -0.0000
  33   3/2+ [ 2 0 2]   0.54   24.2471    0.0000   -0.0000
  34   3/2+ [ 0 1 2]   0.53   29.7215    0.0000   -0.0000
  35   3/2+ [ 5 0 1]   0.81   37.4942    0.0000   -0.0000
  36   3/2+ [ 4 0 2]   0.62   46.6683    0.0000   -0.0000
  37   3/2+ [ 3 1 1]   0.71   48.4293    0.0000   -0.0000
  38   3/2+ [ 2 1 2]   0.51   59.6019    0.0000   -0.0000
  39   3/2+ [ 1 2 1]   0.58   62.1798    0.0000   -0.0000
  40   3/2+ [ 0 2 2]   0.63   76.3065    0.0000   -0.0000
  41   3/2- [ 0 0 1]   0.97  -18.9979    1.0000   -0.0000
  42   3/2- [ 2 0 1]   0.89    7.0872    0.0000   -0.0000
  43   3/2- [ 0 1 1]   0.70   14.1111    0.0000   -0.0000
  44   3/2- [ 1 0 2]   0.69   16.7148    0.0000   -0.0000
  45   3/2- [ 4 0 1]   0.86   28.7488    0.0000   -0.0000
  46   3/2- [ 3 0 2]   0.48   38.0546    0.0000   -0.0000
  47   3/2- [ 2 1 1]   0.53   40.2335    0.0000   -0.0000
  48   3/2- [ 1 1 2]   0.67   51.1989    0.0000   -0.0000
  49   3/2- [ 0 2 1]   0.67   55.4904    0.0000   -0.0000
  50   5/2+ [ 0 0 2]   0.92   -0.9831    0.0000   -0.0000
  51   5/2+ [ 2 0 2]   0.83   20.5456    0.0000   -0.0000
  52   5/2+ [ 0 1 2]   0.65   25.1969    0.0000   -0.0000
  53   5/2+ [ 1 0 3]   0.70   27.7439    0.0000   -0.0000
  54   5/2+ [ 4 0 2]   0.87   41.5461    0.0000   -0.0000
  55   5/2+ [ 3 0 3]   0.77   50.5590    0.0000   -0.0000
  56   5/2+ [ 2 1 2]   0.78   52.1867    0.0000   -0.0000
  57   5/2+ [ 1 1 3]   0.59   65.4013    0.0000   -0.0000
  58   5/2+ [ 0 2 2]   0.60   68.9730    0.0000   -0.0000
  59   5/2- [ 1 0 2]   0.88   11.4390    0.0000   -0.0000
  60   5/2- [ 0 0 3]   0.77   19.7103    0.0000   -0.0000
  61   5/2- [ 3 0 2]   0.90   33.0991    0.0000   -0.0000
  62   5/2- [ 1 1 2]   0.48   42.9438    0.0000   -0.0000
  63   5/2- [ 2 0 3]   0.52   43.8560    0.0000   -0.0000
  64   5/2- [ 0 1 3]   0.74   58.7518    0.0000   -0.0000
  65   7/2+ [ 1 0 3]   0.83   24.3737    0.0000   -0.0000
  66   7/2+ [ 0 0 4]   0.73   30.4155    0.0000   -0.0000
  67   7/2+ [ 3 0 3]   0.91   45.6300    0.0000   -0.0000
  68   7/2+ [ 2 0 4]   0.89   54.5030    0.0000   -0.0000
  69   7/2+ [ 1 1 3]   0.81   56.2329    0.0000   -0.0000
  70   7/2+ [ 0 1 4]   0.69   72.5321    0.0000   -0.0000
  71   7/2- [ 0 0 3]   0.90   14.2503    0.0000   -0.0000
  72   7/2- [ 2 0 3]   0.94   37.3916    0.0000   -0.0000
  73   7/2- [ 1 0 4]   0.62   46.9158    0.0000   -0.0000
  74   7/2- [ 0 1 3]   0.58   48.5289    0.0000   -0.0000
  75   9/2+ [ 0 0 4]   0.84   26.7467    0.0000   -0.0000
  76   9/2+ [ 2 0 4]   0.94   49.6594    0.0000   -0.0000
  77   9/2+ [ 1 0 5]   0.90   58.0542    0.0000   -0.0000
  78   9/2+ [ 0 1 4]   0.79   60.8707    0.0000   -0.0000
  79   9/2- [ 1 0 4]   0.94   41.5016    0.0000   -0.0000
  80   9/2- [ 0 0 5]   0.93   51.5456    0.0000   -0.0000
  81  11/2+ [ 1 0 5]   0.95   53.5306    0.0000   -0.0000
  82  11/2+ [ 0 0 6]   0.94   61.9918    0.0000   -0.0000
  83  11/2- [ 0 0 5]   0.97   44.6311    0.0000   -0.0000
  84  13/2+ [ 0 0 6]   0.97   56.5642    0.0000   -0.0000
 ****** END CANON ***********************************
  ****** BEGIN EXPECT *****************

                            neutron        proton         total
 particle number .....      10.000000      10.000000      20.000000
 trace scalar density        9.665210       9.673882      19.339092
 lambda ..............     -11.398090      -7.038835
 spk .................      -0.000006      -0.000008
 rms-Radius ..........       2.828365       2.858270       2.843356
 charge-Radius, R0....                      2.968115
 beta2................       0.540236       0.554189       0.547213
 beta4 ...............       0.520338       0.544534       0.532436
 quadrupole moment ...      43.387126      44.507692      87.894818
    <Q20> ............      13.683934      14.037351      27.721284
 hexadecupole moment .    1321.911335    1383.379644    2705.290979
    <Q40> ............     139.839114     146.341572     286.180686
  
 Particle Energy .....    -264.374994    -217.156909    -481.531904
 Selfconsistency Test.                                    -0.000000
  
 Kinetic Energy ......     132.741634     130.609314     263.350947
 E-scsc ..............                                 -2625.757934
 E-scve ..............                                  2192.293814
 E-vesc...............                                     0.000000
 E-veve...............                                     0.019743
 E-rearrangement .....                                    72.932974
 Coulomb direct ......                                    24.536465
 Constrained energy ..                                     0.000000
 Pairing Energy ......      -0.000000      -0.000000      -0.000000
 Sum without E-cm ....                                  -145.556965
 E-cm <P**2>/2M ......      -5.139329      -5.026027     -10.165356
 Total Energy ........                                  -155.722321
 E/A .................                                    -7.786116
 ****** END EXPECT *********************************
 ****** BEGIN RESU **********************************


 quasi-particle properties: Neutron:
 ------------------------------------------------------------------
     p/h  K pi[nz,nr,ml]  smax     Eqp       uu       vv
   1  h   1/2+ [ 2 0 0]   0.00    3.2035    0.0000    1.0000
   2  p   1/2+ [ 1 0 1]   0.74    7.3704    1.0000    0.0000
   3  p   1/2+ [ 0 1 0]   0.74    9.7561    1.0000    0.0000
   4  p   1/2+ [ 4 0 0]   0.90   20.5323    1.0000    0.0000
   5  p   1/2+ [ 3 0 1]   0.76   26.5748    1.0000    0.0000
   6  p   1/2+ [ 2 1 0]   0.72   29.3828    1.0000    0.0000
   7  p   1/2+ [ 1 1 1]   0.69   33.2259    1.0000    0.0000
   8  h   1/2+ [ 1 1 1]   0.00   34.9130    0.0000    1.0000
   9  p   1/2+ [ 0 2 0]   0.66   35.5953    1.0000    0.0000
  10  p   1/2+ [ 6 0 0]   0.85   41.4348    1.0000    0.0000
  11  p   1/2+ [ 5 0 1]   0.73   49.9764    1.0000    0.0000
  12  p   1/2+ [ 4 1 0]   0.81   52.9455    1.0000    0.0000
  13  p   1/2+ [ 3 1 1]   0.77   59.4912    1.0000    0.0000
  14  p   1/2+ [ 2 2 0]   0.77   65.0475    1.0000    0.0000
  15  p   1/2+ [ 1 2 1]   0.80   74.0508    1.0000    0.0000
  16  p   1/2+ [ 0 3 0]   0.79   82.0350    1.0000    0.0000
  17  h   1/2- [ 0 0 1]   0.00    6.4979    0.0000    1.0000
  18  p   1/2- [ 3 0 0]   0.91   10.3088    1.0000    0.0000
  19  p   1/2- [ 2 0 1]   0.70   18.0102    1.0000    0.0000
  20  h   1/2- [ 2 0 1]   0.00   18.2790    0.0000    1.0000
  21  p   1/2- [ 1 1 0]   0.68   20.5915    1.0000    0.0000
  22  p   1/2- [ 0 1 1]   0.82   24.6701    1.0000    0.0000
  23  p   1/2- [ 5 0 0]   0.90   32.3133    1.0000    0.0000
  24  p   1/2- [ 4 0 1]   0.75   40.7297    1.0000    0.0000
  25  p   1/2- [ 3 1 0]   0.78   44.0499    1.0000    0.0000
  26  p   1/2- [ 2 1 1]   0.81   51.4231    1.0000    0.0000
  27  p   1/2- [ 1 2 0]   0.84   55.9592    1.0000    0.0000
  28  p   1/2- [ 0 2 1]   0.85   65.6225    1.0000    0.0000
  29  p   3/2+ [ 1 0 1]   0.95    2.4049    1.0000    0.0000
  30  p   3/2+ [ 0 0 2]   0.88   12.7451    1.0000    0.0000
  31  p   3/2+ [ 3 0 1]   0.90   24.4534    1.0000    0.0000
  32  p   3/2+ [ 1 1 1]   0.77   30.6530    1.0000    0.0000
  33  p   3/2+ [ 2 0 2]   0.75   32.2334    1.0000    0.0000
  34  p   3/2+ [ 0 1 2]   0.74   37.4440    1.0000    0.0000
  35  p   3/2+ [ 5 0 1]   0.91   45.2737    1.0000    0.0000
  36  p   3/2+ [ 4 0 2]   0.79   54.4501    1.0000    0.0000
  37  p   3/2+ [ 3 1 1]   0.83   56.1754    1.0000    0.0000
  38  p   3/2+ [ 2 1 2]   0.71   66.9434    1.0000    0.0000
  39  p   3/2+ [ 1 2 1]   0.76   69.4553    1.0000    0.0000
  40  p   3/2+ [ 0 2 2]   0.80   83.2101    1.0000    0.0000
  41  h   3/2- [ 2 0 1]   0.00   12.3037    0.0000    1.0000
  42  p   3/2- [ 2 0 1]   0.94   14.5321    1.0000    0.0000
  43  p   3/2- [ 0 1 1]   0.85   21.7097    1.0000    0.0000
  44  p   3/2- [ 1 0 2]   0.84   24.3586    1.0000    0.0000
  45  p   3/2- [ 4 0 1]   0.93   36.4256    1.0000    0.0000
  46  p   3/2- [ 3 0 2]   0.68   45.6331    1.0000    0.0000
  47  p   3/2- [ 2 1 1]   0.71   47.8407    1.0000    0.0000
  48  p   3/2- [ 1 1 2]   0.81   58.4151    1.0000    0.0000
  49  p   3/2- [ 0 2 1]   0.82   62.4849    1.0000    0.0000
  50  p   5/2+ [ 0 0 2]   0.97    6.1542    1.0000    0.0000
  51  p   5/2+ [ 2 0 2]   0.92   28.4427    1.0000    0.0000
  52  p   5/2+ [ 0 1 2]   0.82   33.0203    1.0000    0.0000
  53  p   5/2+ [ 1 0 3]   0.84   35.7491    1.0000    0.0000
  54  p   5/2+ [ 4 0 2]   0.94   49.4007    1.0000    0.0000
  55  p   5/2+ [ 3 0 3]   0.86   58.4112    1.0000    0.0000
  56  p   5/2+ [ 2 1 2]   0.87   59.8708    1.0000    0.0000
  57  p   5/2+ [ 1 1 3]   0.76   72.6711    1.0000    0.0000
  58  p   5/2+ [ 0 2 2]   0.77   76.0537    1.0000    0.0000
  59  p   5/2- [ 1 0 2]   0.94   18.9103    1.0000    0.0000
  60  p   5/2- [ 0 0 3]   0.88   27.3419    1.0000    0.0000
  61  p   5/2- [ 3 0 2]   0.95   40.8065    1.0000    0.0000
  62  p   5/2- [ 1 1 2]   0.77   50.4574    1.0000    0.0000
  63  p   5/2- [ 2 0 3]   0.78   51.4854    1.0000    0.0000
  64  p   5/2- [ 0 1 3]   0.87   65.8599    1.0000    0.0000
  65  p   7/2+ [ 1 0 3]   0.92   32.2588    1.0000    0.0000
  66  p   7/2+ [ 0 0 4]   0.86   38.3811    1.0000    0.0000
  67  p   7/2+ [ 3 0 3]   0.95   53.5435    1.0000    0.0000
  68  p   7/2+ [ 2 0 4]   0.94   62.4225    1.0000    0.0000
  69  p   7/2+ [ 1 1 3]   0.90   63.7667    1.0000    0.0000
  70  p   7/2+ [ 0 1 4]   0.84   79.7488    1.0000    0.0000
  71  p   7/2- [ 0 0 3]   0.95   21.7258    1.0000    0.0000
  72  p   7/2- [ 2 0 3]   0.97   45.1292    1.0000    0.0000
  73  p   7/2- [ 1 0 4]   0.71   54.4383    1.0000    0.0000
  74  p   7/2- [ 0 1 3]   0.69   55.9953    1.0000    0.0000
  75  p   9/2+ [ 0 0 4]   0.92   34.6029    1.0000    0.0000
  76  p   9/2+ [ 2 0 4]   0.97   57.6149    1.0000    0.0000
  77  p   9/2+ [ 1 0 5]   0.94   65.9391    1.0000    0.0000
  78  p   9/2+ [ 0 1 4]   0.88   68.2870    1.0000    0.0000
  79  p   9/2- [ 1 0 4]   0.97   49.2205    1.0000    0.0000
  80  p   9/2- [ 0 0 5]   0.97   59.1747    1.0000    0.0000
  81  p  11/2+ [ 1 0 5]   0.97   61.4787    1.0000    0.0000
  82  p  11/2+ [ 0 0 6]   0.97   69.8492    1.0000    0.0000
  83  p  11/2- [ 0 0 5]   0.98   52.2893    1.0000    0.0000
  84  p  13/2+ [ 0 0 6]   0.98   64.4516    1.0000    0.0000


 quasi-particle properties: Proton: 
 ------------------------------------------------------------------
     p/h  K pi[nz,nr,ml]  smax     Eqp       uu       vv
   1  h   1/2+ [ 2 0 0]   0.00    3.1523    0.0000    1.0000
   2  p   1/2+ [ 1 0 1]   0.72    7.1447    1.0000    0.0000
   3  p   1/2+ [ 0 1 0]   0.72    9.4488    1.0000    0.0000
   4  p   1/2+ [ 4 0 0]   0.89   19.6455    1.0000    0.0000
   5  p   1/2+ [ 3 0 1]   0.77   25.7179    1.0000    0.0000
   6  p   1/2+ [ 2 1 0]   0.72   28.4924    1.0000    0.0000
   7  p   1/2+ [ 1 1 1]   0.70   32.4137    1.0000    0.0000
   8  h   1/2+ [ 0 2 0]   0.00   34.1668    0.0000    1.0000
   9  p   1/2+ [ 0 2 0]   0.66   34.8999    1.0000    0.0000
  10  p   1/2+ [ 6 0 0]   0.84   40.8036    1.0000    0.0000
  11  p   1/2+ [ 5 0 1]   0.71   49.3782    1.0000    0.0000
  12  p   1/2+ [ 4 1 0]   0.80   52.2401    1.0000    0.0000
  13  p   1/2+ [ 3 1 1]   0.76   59.0303    1.0000    0.0000
  14  p   1/2+ [ 2 2 0]   0.77   64.7132    1.0000    0.0000
  15  p   1/2+ [ 1 2 1]   0.79   73.9687    1.0000    0.0000
  16  p   1/2+ [ 0 3 0]   0.78   82.2525    1.0000    0.0000
  17  h   1/2- [ 0 0 1]   0.00    6.2099    0.0000    1.0000
  18  p   1/2- [ 3 0 0]   0.91    9.9570    1.0000    0.0000
  19  p   1/2- [ 2 0 1]   0.70   17.4407    1.0000    0.0000
  20  h   1/2- [ 1 0 0]   0.00   17.8962    0.0000    1.0000
  21  p   1/2- [ 1 1 0]   0.68   20.0125    1.0000    0.0000
  22  p   1/2- [ 0 1 1]   0.81   24.1314    1.0000    0.0000
  23  p   1/2- [ 5 0 0]   0.89   31.7221    1.0000    0.0000
  24  p   1/2- [ 4 0 1]   0.74   40.2370    1.0000    0.0000
  25  p   1/2- [ 3 1 0]   0.78   43.5180    1.0000    0.0000
  26  p   1/2- [ 2 1 1]   0.81   51.0938    1.0000    0.0000
  27  p   1/2- [ 1 2 0]   0.84   55.7710    1.0000    0.0000
  28  p   1/2- [ 0 2 1]   0.85   65.7565    1.0000    0.0000
  29  p   3/2+ [ 1 0 1]   0.95    2.3608    1.0000    0.0000
  30  p   3/2+ [ 0 0 2]   0.87   12.4172    1.0000    0.0000
  31  p   3/2+ [ 3 0 1]   0.89   23.6026    1.0000    0.0000
  32  p   3/2+ [ 1 1 1]   0.75   29.7963    1.0000    0.0000
  33  p   3/2+ [ 2 0 2]   0.73   31.2859    1.0000    0.0000
  34  p   3/2+ [ 0 1 2]   0.72   36.7603    1.0000    0.0000
  35  p   3/2+ [ 5 0 1]   0.90   44.5331    1.0000    0.0000
  36  p   3/2+ [ 4 0 2]   0.79   53.7071    1.0000    0.0000
  37  p   3/2+ [ 3 1 1]   0.84   55.4682    1.0000    0.0000
  38  p   3/2+ [ 2 1 2]   0.72   66.6407    1.0000    0.0000
  39  p   3/2+ [ 1 2 1]   0.76   69.2186    1.0000    0.0000
  40  p   3/2+ [ 0 2 2]   0.79   83.3454    1.0000    0.0000
  41  h   3/2- [ 0 0 1]   0.00   11.9590    0.0000    1.0000
  42  p   3/2- [ 2 0 1]   0.94   14.1261    1.0000    0.0000
  43  p   3/2- [ 0 1 1]   0.84   21.1499    1.0000    0.0000
  44  p   3/2- [ 1 0 2]   0.83   23.7536    1.0000    0.0000
  45  p   3/2- [ 4 0 1]   0.93   35.7876    1.0000    0.0000
  46  p   3/2- [ 3 0 2]   0.69   45.0934    1.0000    0.0000
  47  p   3/2- [ 2 1 1]   0.73   47.2724    1.0000    0.0000
  48  p   3/2- [ 1 1 2]   0.82   58.2377    1.0000    0.0000
  49  p   3/2- [ 0 2 1]   0.82   62.5292    1.0000    0.0000
  50  p   5/2+ [ 0 0 2]   0.96    6.0558    1.0000    0.0000
  51  p   5/2+ [ 2 0 2]   0.91   27.5844    1.0000    0.0000
  52  p   5/2+ [ 0 1 2]   0.80   32.2358    1.0000    0.0000
  53  p   5/2+ [ 1 0 3]   0.83   34.7828    1.0000    0.0000
  54  p   5/2+ [ 4 0 2]   0.93   48.5849    1.0000    0.0000
  55  p   5/2+ [ 3 0 3]   0.88   57.5979    1.0000    0.0000
  56  p   5/2+ [ 2 1 2]   0.88   59.2255    1.0000    0.0000
  57  p   5/2+ [ 1 1 3]   0.77   72.4402    1.0000    0.0000
  58  p   5/2+ [ 0 2 2]   0.77   76.0119    1.0000    0.0000
  59  p   5/2- [ 1 0 2]   0.94   18.4778    1.0000    0.0000
  60  p   5/2- [ 0 0 3]   0.87   26.7492    1.0000    0.0000
  61  p   5/2- [ 3 0 2]   0.95   40.1379    1.0000    0.0000
  62  p   5/2- [ 1 1 2]   0.69   49.9826    1.0000    0.0000
  63  p   5/2- [ 2 0 3]   0.72   50.8948    1.0000    0.0000
  64  p   5/2- [ 0 1 3]   0.86   65.7907    1.0000    0.0000
  65  p   7/2+ [ 1 0 3]   0.91   31.4126    1.0000    0.0000
  66  p   7/2+ [ 0 0 4]   0.85   37.4544    1.0000    0.0000
  67  p   7/2+ [ 3 0 3]   0.95   52.6688    1.0000    0.0000
  68  p   7/2+ [ 2 0 4]   0.94   61.5418    1.0000    0.0000
  69  p   7/2+ [ 1 1 3]   0.90   63.2717    1.0000    0.0000
  70  p   7/2+ [ 0 1 4]   0.83   79.5709    1.0000    0.0000
  71  p   7/2- [ 0 0 3]   0.95   21.2892    1.0000    0.0000
  72  p   7/2- [ 2 0 3]   0.97   44.4304    1.0000    0.0000
  73  p   7/2- [ 1 0 4]   0.78   53.9547    1.0000    0.0000
  74  p   7/2- [ 0 1 3]   0.76   55.5677    1.0000    0.0000
  75  p   9/2+ [ 0 0 4]   0.92   33.7856    1.0000    0.0000
  76  p   9/2+ [ 2 0 4]   0.97   56.6982    1.0000    0.0000
  77  p   9/2+ [ 1 0 5]   0.95   65.0930    1.0000    0.0000
  78  p   9/2+ [ 0 1 4]   0.89   67.9095    1.0000    0.0000
  79  p   9/2- [ 1 0 4]   0.97   48.5404    1.0000    0.0000
  80  p   9/2- [ 0 0 5]   0.97   58.5844    1.0000    0.0000
  81  p  11/2+ [ 1 0 5]   0.97   60.5694    1.0000    0.0000
  82  p  11/2+ [ 0 0 6]   0.97   69.0306    1.0000    0.0000
  83  p  11/2- [ 0 0 5]   0.98   51.6700    1.0000    0.0000
  84  p  13/2+ [ 0 0 6]   0.98   63.6030    1.0000    0.0000
  ****** END RESU ***********************************
