S(f,omega) = -1/pi * Im[Tr[hermconj(f)*drho(omega)]]  [fm^2/MeV]
Fully self-consistent response
 84Zr, 10 shells, DD-PC1    
Electromagnetism included in calculation
Pairing included in calculation
Isoscalar excitation
J = 1
K = 1
gamma_smear =   1.000 [MeV]
NGH = 48, NGL = 48
 
omega[MeV/hbar]                     S(f,omega)
 
        5.00000                  -0.0000000000
       10.00000                  -0.0000000000
       15.00000                  -0.0000000000
       20.00000                  -0.0000000000
       25.00000                   0.0000000000
       30.00000                  -0.0000000000
       35.00000                  -0.0000000000
       40.00000                  -0.0000000000
