S(f,omega) = -1/pi * Im[Tr[hermconj(f)*drho(omega)]]  [fm^4/MeV]
Fully self-consistent response
 84Zr, 10 shells, DD-PC1    
Electromagnetism included in calculation
Pairing included in calculation
Isoscalar excitation
J = 2
K = 1
gamma_smear =   1.000 [MeV]
NGH = 48, NGL = 48
 
omega[MeV/hbar]                     S(f,omega)
 
        5.00000                  31.5919710786
       10.00000                  24.7155875415
       15.00000                 107.0087760979
       20.00000                  39.7574764571
       25.00000                   8.9181111725
       30.00000                   3.1849106081
       35.00000                   1.3344283202
       40.00000                   0.7818886118
