S(f,omega) = -1/pi * Im[Tr[hermconj(f)*drho(omega)]]  [fm^4/MeV]
Fully self-consistent response
 84Zr, 10 shells, DD-PC1    
Electromagnetism included in calculation
Pairing included in calculation
Isoscalar excitation
J = 2
K = 2
gamma_smear =   1.000 [MeV]
NGH = 48, NGL = 48
 
omega[MeV/hbar]                     S(f,omega)
 
        5.00000                  31.5919715257
       10.00000                  24.7155892845
       15.00000                 107.0087950602
       20.00000                  39.7574725327
       25.00000                   8.9181102475
       30.00000                   3.1849102773
       35.00000                   1.3344282347
       40.00000                   0.7818885252
