S(f,omega) = -1/pi * Im[Tr[hermconj(f)*drho(omega)]]  [fm^6/MeV]
Fully self-consistent response
 84Zr, 10 shells, DD-PC1    
Electromagnetism included in calculation
Pairing included in calculation
Isoscalar excitation
J = 3
K = 0
gamma_smear =   1.000 [MeV]
NGH = 48, NGL = 48
 
omega[MeV/hbar]                     S(f,omega)
 
        5.00000                2938.3161243125
       10.00000                3184.1892949402
       15.00000                 504.0034089288
       20.00000                 484.9116578100
       25.00000                 559.8305252504
       30.00000                2828.9718205009
       35.00000                 735.0663151430
       40.00000                 222.1644316270
