S(f,omega) = -1/pi * Im[Tr[hermconj(f)*drho(omega)]]  [fm^6/MeV]
Fully self-consistent response
 84Zr, 10 shells, DD-PC1    
Electromagnetism included in calculation
Pairing included in calculation
Isoscalar excitation
J = 3
K = 3
gamma_smear =   1.000 [MeV]
NGH = 48, NGL = 48
 
omega[MeV/hbar]                     S(f,omega)
 
        5.00000                2938.3162340109
       10.00000                3184.1891301641
       15.00000                 504.0034281146
       20.00000                 484.9116491856
       25.00000                 559.8305868266
       30.00000                2828.9721541044
       35.00000                 735.0662903801
       40.00000                 222.1644042213
