
  ******************************************  
  *           Fortran 77 Code              *  
  *     Axially symmetric H.O. basis       *  
  * Dirac-Hartree-Bogoliubov calculation   *  
  *        with density-dependent          *  
  * meson-exchange or point coupling force *  
  *          and separable pairing         *  
  * -------------------------------------- *  
  *      Niksic, Paar, Vretenar, Ring      *  
  *          30/ 8/2022/13:13:11           *
  *       Sm 152  N =  90  Z =  62
  *                DD-ME2    
  ******************************************  
  1.It. si =   0.000000  E/A =   0.000 R =   0.000 b =   0.000  mix = 0.50
  2.It. si =  65.799271  E/A =  -8.021 R =   5.321 b =   0.361  mix = 0.50
  3.It. si =  26.389910  E/A =  -8.088 R =   5.294 b =   0.361  mix = 0.50
  4.It. si =  15.929399  E/A =  -8.137 R =   5.255 b =   0.354  mix = 0.50
  5.It. si =  21.632245  E/A =  -8.165 R =   5.220 b =   0.348  mix = 0.50
  6.It. si =   4.544368  E/A =  -8.187 R =   5.143 b =   0.334  mix = 0.50
  7.It. si =   5.033472  E/A =  -8.189 R =   5.132 b =   0.330  mix = 0.50
  8.It. si =   2.240885  E/A =  -8.190 R =   5.136 b =   0.328  mix = 0.50
  9.It. si =   3.339370  E/A =  -8.191 R =   5.139 b =   0.325  mix = 0.50
 10.It. si =   1.307769  E/A =  -8.192 R =   5.124 b =   0.315  mix = 0.50
 11.It. si =   1.842996  E/A =  -8.192 R =   5.121 b =   0.310  mix = 0.50
 12.It. si =   0.913672  E/A =  -8.192 R =   5.122 b =   0.307  mix = 0.50
 13.It. si =   0.907738  E/A =  -8.192 R =   5.120 b =   0.304  mix = 0.50
 14.It. si =   0.648045  E/A =  -8.192 R =   5.118 b =   0.297  mix = 0.50
 15.It. si =   0.413824  E/A =  -8.192 R =   5.116 b =   0.293  mix = 0.50
 16.It. si =   0.209449  E/A =  -8.192 R =   5.113 b =   0.289  mix = 0.50
 17.It. si =   0.340938  E/A =  -8.192 R =   5.115 b =   0.293  mix = 0.50
 18.It. si =   0.061975  E/A =  -8.192 R =   5.112 b =   0.288  mix = 0.50
 19.It. si =   0.051146  E/A =  -8.192 R =   5.113 b =   0.289  mix = 0.50
 20.It. si =   0.022864  E/A =  -8.192 R =   5.113 b =   0.288  mix = 0.50
 21.It. si =   0.007520  E/A =  -8.192 R =   5.113 b =   0.288  mix = 0.50
 22.It. si =   0.005783  E/A =  -8.192 R =   5.113 b =   0.288  mix = 0.50
 23.It. si =   0.003791  E/A =  -8.192 R =   5.113 b =   0.288  mix = 0.50
 24.It. si =   0.003090  E/A =  -8.192 R =   5.113 b =   0.288  mix = 0.50
 25.It. si =   0.004137  E/A =  -8.192 R =   5.113 b =   0.288  mix = 0.50
 26.It. si =   0.002506  E/A =  -8.192 R =   5.113 b =   0.288  mix = 0.50
 27.It. si =   0.001441  E/A =  -8.192 R =   5.113 b =   0.288  mix = 0.50
 28.It. si =   0.000563  E/A =  -8.192 R =   5.113 b =   0.288  mix = 0.50
 29.It. si =   0.000178  E/A =  -8.192 R =   5.113 b =   0.288  mix = 0.50
 30.It. si =   0.000170  E/A =  -8.192 R =   5.113 b =   0.288  mix = 0.50
 31.It. si =   0.000167  E/A =  -8.192 R =   5.113 b =   0.288  mix = 0.50
 32.It. si =   0.000182  E/A =  -8.192 R =   5.113 b =   0.288  mix = 0.50
 33.It. si =   0.000187  E/A =  -8.192 R =   5.113 b =   0.288  mix = 0.50
 34.It. si =   0.000202  E/A =  -8.192 R =   5.113 b =   0.288  mix = 0.50
 35.It. si =   0.000214  E/A =  -8.192 R =   5.113 b =   0.288  mix = 0.50
 36.It. si =   0.000129  E/A =  -8.192 R =   5.113 b =   0.288  mix = 0.50
 37.It. si =   0.000103  E/A =  -8.192 R =   5.113 b =   0.288  mix = 0.50
 38.It. si =   0.000059  E/A =  -8.192 R =   5.113 b =   0.288  mix = 0.50
 39.It. si =   0.000029  E/A =  -8.192 R =   5.113 b =   0.288  mix = 0.50
 40.It. si =   0.000011  E/A =  -8.192 R =   5.113 b =   0.288  mix = 0.50
 41.It. si =   0.000006  E/A =  -8.192 R =   5.113 b =   0.288  mix = 0.50
 42.It. si =   0.000003  E/A =  -8.192 R =   5.113 b =   0.288  mix = 0.50
 43.It. si =   0.000003  E/A =  -8.192 R =   5.113 b =   0.288  mix = 0.50
 44.It. si =   0.000003  E/A =  -8.192 R =   5.113 b =   0.288  mix = 0.50
 45.It. si =   0.000003  E/A =  -8.192 R =   5.113 b =   0.288  mix = 0.50
 46.It. si =   0.000003  E/A =  -8.192 R =   5.113 b =   0.288  mix = 0.50
 47.It. si =   0.000002  E/A =  -8.192 R =   5.113 b =   0.288  mix = 0.50
 48.It. si =   0.000002  E/A =  -8.192 R =   5.113 b =   0.288  mix = 0.50
 49.It. si =   0.000001  E/A =  -8.192 R =   5.113 b =   0.288  mix = 0.50
 Sm 152: Iteration converged after  49 steps   si =      0.0000006205
 ****** END ITER ************************************
                                                
                                                
                                                
  ********************************************  
  *              DIRQFAM v2.0.0              *  
  *                                          *  
  *      Relativistic Quasiparticle RPA      *  
  *             Simplex-y Basis              *  
  *                                          *  
  *   Finite Amplitude Method Calculation    *  
  *          with Density-Dependent          *  
  *  Meson-Exchange or Point-Coupling Force  *  
  *          and Separable Pairing           *  
  * ---------------------------------------- *  
  *                                          *  
  *            A.Bjelcic, T.Niksic           *  
  *                                          *  
  ********************************************  
                                                
 Initializing QFAM submodule.
 Initialization complete.

 Calculating free response, i.e. the residual interaction is ignored.

 omega [MeV]           dB/dw(f,omega) [fm^4/MeV]      S(f,omega) [fm^4/MeV]     

 0.000000000E+00      -0.368527227E-13               -0.410212966E+03 +  0.115776243E-12 i
 0.250000000E+01       0.671582282E+01               -0.422446618E+03 + -0.210983796E+02 i
 0.500000000E+01       0.278444517E+02               -0.396904729E+03 + -0.874759249E+02 i
 0.750000000E+01       0.335617438E+02               -0.243803829E+03 + -0.105437328E+03 i
 0.100000000E+02       0.978132660E+01               -0.261231922E+03 + -0.307289438E+02 i
 0.125000000E+02       0.138090203E+02               -0.409244867E+03 + -0.433823166E+02 i
 0.150000000E+02       0.368398807E+02               -0.485715938E+03 + -0.115735898E+03 i
 0.175000000E+02       0.547989011E+02               -0.353182192E+03 + -0.172155825E+03 i
 0.200000000E+02       0.837507789E+02               -0.931447409E+03 + -0.263110832E+03 i
 0.225000000E+02       0.552753930E+03                0.367629476E+03 + -0.173652769E+04 i
 0.250000000E+02       0.208605602E+03                0.393985964E+03 + -0.655353828E+03 i
 0.275000000E+02       0.125384346E+03                0.551243522E+03 + -0.393906541E+03 i
 0.300000000E+02       0.335006496E+02                0.392562771E+03 + -0.105245395E+03 i
 0.325000000E+02       0.241695673E+02                0.311984749E+03 + -0.759309351E+02 i
 0.350000000E+02       0.112077001E+02                0.230075397E+03 + -0.352100282E+02 i
 0.375000000E+02       0.539946195E+01                0.175596502E+03 + -0.169629100E+02 i
 0.400000000E+02       0.607692826E+01                0.145807796E+03 + -0.190912332E+02 i
 0.425000000E+02       0.455401211E+01                0.118277835E+03 + -0.143068510E+02 i
 0.450000000E+02       0.288484639E+01                0.102050047E+03 + -0.906301222E+01 i
 0.475000000E+02       0.224611683E+01                0.886697536E+02 + -0.705638413E+01 i
 0.500000000E+02       0.170190820E+01                0.800400084E+02 + -0.534670229E+01 i
