dB/dw(f,omega) = -1/pi * Im[S(f,omega)].

Nucleus: Zr 100.
Parametrization of the Lagrangian: DD-ME2.
Ground state deformation beta = +0.485.
Isovector J = 1, K = 0 excitation.
Gamma smearing = 0.250 [MeV].
Fully self-consistent response.

n0f = 14(15) oscillator shells for large(small) spinor component.
n0b = 50 oscillator shells for meson fields.
Gaussian quadrature mesh: NGH = 25, NGL = 50.
Oscillator basis deformation beta0 = +0.485.
Coulomb included in calculation.  
Pairing included in calculation.  


 omega [MeV]           dB/dw(f,omega) [e^2fm^2/MeV]   S(f,omega) [e^2fm^2/MeV]                  rel. residual error

 0.000000000E+00      -0.942279538E-16               -0.180449247E+01 +  0.296025847E-15 i      0.323E-06                         
 0.250000000E+01       0.885069193E-02               -0.188589822E+01 + -0.278052687E-01 i      0.750E-06                         
 0.500000000E+01       0.406669634E-01               -0.214211870E+01 + -0.127759034E+00 i      0.876E-06                         
 0.750000000E+01       0.141368865E+00               -0.256118097E+01 + -0.444123387E+00 i      0.686E-06                         
 0.100000000E+02       0.358902471E+00               -0.312189618E+01 + -0.112752537E+01 i      0.728E-06                         
 0.125000000E+02       0.195040703E+01               -0.222597639E+01 + -0.612738440E+01 i      0.567E-06                         
 0.150000000E+02       0.111068152E+01                0.393472216E+01 + -0.348930890E+01 i      0.719E-06                         
 0.175000000E+02       0.247635544E+00                0.142814058E+01 + -0.777970005E+00 i      0.855E-06                         
 0.200000000E+02       0.190025299E+00                0.160802302E+01 + -0.596982083E+00 i      0.897E-06                         
 0.225000000E+02       0.809774464E-01                0.101086549E+01 + -0.254398151E+00 i      0.667E-06                         
 0.250000000E+02       0.365508894E-01                0.772130644E+00 + -0.114828006E+00 i      0.813E-06                         
 0.275000000E+02       0.156977196E-01                0.580961793E+00 + -0.493158405E-01 i      0.727E-06                         
 0.300000000E+02       0.162716551E-01                0.490822435E+00 + -0.511189121E-01 i      0.735E-06                         
 0.325000000E+02       0.868907061E-02                0.382207700E+00 + -0.272975204E-01 i      0.844E-06                         
 0.350000000E+02       0.780102100E-02                0.326112708E+00 + -0.245076303E-01 i      0.463E-06                         
 0.375000000E+02       0.642534538E-02                0.267548283E+00 + -0.201858179E-01 i      0.486E-06                         
 0.400000000E+02       0.464950963E-02                0.232261394E+00 + -0.146068653E-01 i      0.846E-06                         
 0.425000000E+02       0.623870422E-02                0.208519229E+00 + -0.195994673E-01 i      0.673E-06                         
 0.450000000E+02       0.222005169E-02                0.183902050E+00 + -0.697449807E-02 i      0.986E-06                         
 0.475000000E+02       0.176957852E-02                0.160683675E+00 + -0.555929489E-02 i      0.879E-06                         
 0.500000000E+02       0.198992617E-02                0.141698773E+00 + -0.625153743E-02 i      0.610E-06                         
